<html>
<body>
<pre>
<h1>µVision Build Log</h1>
<h2>Tool Versions:</h2>
IDE-Version: ¦ÌVision V5.39.0.0
Copyright (C) 2023 ARM Ltd and ARM Germany GmbH. All rights reserved.
License Information: 1 JRIT, 1, LIC=QF82M-X2C67-X7GRZ-J2MHC-LY2SS-01VY9
 
Tool Versions:
Toolchain:       MDK-ARM Plus  Version: 5.39.0.0
Toolchain Path:  C:\Keil_v5\ARM\ARMCC\Bin
C Compiler:      Armcc.exe V5.06 update 7 (build 960)
Assembler:       Armasm.exe V5.06 update 7 (build 960)
Linker/Locator:  ArmLink.exe V5.06 update 7 (build 960)
Library Manager: ArmAr.exe V5.06 update 7 (build 960)
Hex Converter:   FromElf.exe V5.06 update 7 (build 960)
CPU DLL:         SARMCM3.DLL V5.39.0.0
Dialog DLL:      DCM.DLL V1.17.5.0
Target DLL:      STLink\ST-LINKIII-KEIL_SWO.dll V3.2.0.0
Dialog DLL:      TCM.DLL V1.56.4.0
 
<h2>Project:</h2>
C:\code\arm_control\MDK-ARM\arm_control.uvprojx
Project File Date:  11/03/2025

<h2>Output:</h2>
*** Using Compiler 'V5.06 update 7 (build 960)', folder: 'C:\Keil_v5\ARM\ARMCC\Bin'
Build target 'arm_control'
assembling startup_stm32h743xx.s...
compiling gpio.c...
compiling stm32h7xx_hal_cortex.c...
compiling stm32h7xx_hal_timebase_tim.c...
compiling stm32h7xx_hal_tim_ex.c...
compiling stm32h7xx_hal_flash.c...
compiling stm32h7xx_hal_msp.c...
compiling fdcan.c...
compiling stm32h7xx_it.c...
compiling freertos.c...
compiling stm32h7xx_hal_tim.c...
compiling stm32h7xx_hal_rcc_ex.c...
compiling stm32h7xx_hal_rcc.c...
compiling main.c...
compiling stm32h7xx_hal_pwr.c...
compiling stm32h7xx_hal_flash_ex.c...
compiling stm32h7xx_hal_gpio.c...
compiling croutine.c...
compiling list.c...
compiling event_groups.c...
compiling stream_buffer.c...
compiling queue.c...
compiling timers.c...
compiling tasks.c...
compiling heap_4.c...
compiling port.c...
compiling stm32h7xx_hal_exti.c...
compiling stm32h7xx_hal.c...
compiling stm32h7xx_hal_i2c_ex.c...
compiling stm32h7xx_hal_mdma.c...
compiling stm32h7xx_hal_hsem.c...
compiling stm32h7xx_hal_dma_ex.c...
compiling stm32h7xx_hal_i2c.c...
compiling stm32h7xx_hal_fdcan.c...
compiling stm32h7xx_hal_pwr_ex.c...
compiling stm32h7xx_hal_dma.c...
compiling system_stm32h7xx.c...
compiling cmsis_os2.c...
linking...
Program Size: Code=16748 RO-data=852 RW-data=152 ZI-data=20512  
FromELF: creating hex file...
"arm_control\arm_control.axf" - 0 Error(s), 0 Warning(s).

<h2>Software Packages used:</h2>

Package Vendor: ARM
                http://www.keil.com/pack/ARM.CMSIS.5.9.0.pack
                ARM::CMSIS@5.9.0
                CMSIS (Common Microcontroller Software Interface Standard)
   * Component: CORE Version: 5.6.0

Package Vendor: Keil
                https://www.keil.com/pack/Keil.STM32H7xx_DFP.4.1.2.pack
                Keil::STM32H7xx_DFP@4.1.2
                STMicroelectronics STM32H7 Series Device Support

<h2>Collection of Component include folders:</h2>
  ./RTE/_arm_control
  C:/software/keil/ARM/CMSIS/5.9.0/CMSIS/Core/Include

<h2>Collection of Component Files used:</h2>

   * Component: ARM::CMSIS:CORE@5.6.0
      Include file:  CMSIS/Core/Include/tz_context.h
Build Time Elapsed:  00:00:30
</pre>
</body>
</html>
